#-----------------------------------------------------------
# Vivado v2024.1 (64-bit)
# SW Build 5076996 on Wed May 22 18:37:14 MDT 2024
# IP Build 5075265 on Wed May 22 21:45:21 MDT 2024
# SharedData Build 5076995 on Wed May 22 18:29:18 MDT 2024
# Start of session at: Mon May 19 17:42:34 2025
# Process ID: 41592
# Current directory: C:/Users/Leeung/Projects/LUTsofLUV/LUTsofLUV/maths-accelerator/overlay/base/base.runs/base_m00_regslice_11_synth_1
# Command line: vivado.exe -log base_m00_regslice_11.vds -product Vivado -mode batch -messageDb vivado.pb -notrace -source base_m00_regslice_11.tcl
# Log file: C:/Users/Leeung/Projects/LUTsofLUV/LUTsofLUV/maths-accelerator/overlay/base/base.runs/base_m00_regslice_11_synth_1/base_m00_regslice_11.vds
# Journal file: C:/Users/Leeung/Projects/LUTsofLUV/LUTsofLUV/maths-accelerator/overlay/base/base.runs/base_m00_regslice_11_synth_1\vivado.jou
# Running On        :MSI
# Platform          :Windows Server 2016 or Windows 10
# Operating System  :26100
# Processor Detail  :13th Gen Intel(R) Core(TM) i9-13900H
# CPU Frequency     :2995 MHz
# CPU Physical cores:14
# CPU Logical cores :20
# Host memory       :34045 MB
# Swap memory       :12909 MB
# Total Virtual     :46954 MB
# Available Virtual :9225 MB
#-----------------------------------------------------------
source base_m00_regslice_11.tcl -notrace
